// Jest Snapshot v1, https://goo.gl/fbAQLP

exports[`Section should render as expected 1`] = `
<div>
  <section
    class="flex flex-col gap-8 undefined"
  >
    <h2
      class="text-bold text-2xl sm:text-3xl md:text-4xl"
    >
      Lorem 
      <strong
        class="bg-linear-180 from-transparent from-70% to-green-500 dark:to-green-600 to-70% undefined"
      >
        Ipsum
      </strong>
       Dolor Sit Amet
    </h2>
    <section>
      <p
        class="text-base font-normal indent-4 first-letter:text-2xl first-letter:text-green-600 first-letter:font-bold"
      >
        Lorem ipsum dolor sit amet, consectetur adipiscing elit. Nunc blandit ipsum ante, ut eleifend ante vulputate eu. Fusce tincidunt pretium dapibus. Pellentesque eget scelerisque est. Pellentesque interdum tempus eros, eget pretium neque blandit vitae. Ut semper est lorem, vitae iaculis felis mollis vel. Quisque posuere lacus ante, sit amet egestas purus ultricies in. Curabitur eu urna dignissim, iaculis augue quis, posuere purus. In a velit elit. Donec congue, lorem sed consectetur volutpat, urna orci posuere tellus, non tempus nulla ipsum nec mi. Vivamus lobortis varius ex eu accumsan. Duis tincidunt leo eget eros efficitur, ut cursus massa pharetra. Etiam pulvinar tincidunt elit a auctor.
      </p>
      <p
        class="text-base font-normal indent-4 undefined"
      >
        Maecenas fringilla consectetur ante a pulvinar. Nunc ac rhoncus quam. Praesent tempor felis diam, id facilisis elit imperdiet id. Vestibulum sed quam non purus tempor ultrices. Nunc molestie urna a mauris bibendum ultrices. Praesent fringilla justo in neque egestas, nec porttitor magna sagittis. Ut et nibh massa. Integer auctor sem at quam imperdiet, a imperdiet lorem consectetur. Vivamus malesuada arcu nec mauris ornare molestie. Lorem ipsum dolor sit amet, consectetur adipiscing elit. Donec ultricies nulla vitae est sodales mattis. Nunc eleifend elementum sollicitudin. Donec mollis porttitor lacus, sed tincidunt felis ultrices id. Vestibulum viverra turpis eu eros ultrices maximus ut in sem.
      </p>
      <p
        class="text-base font-normal indent-4 undefined"
      >
        Nullam sit amet viverra justo, nec tempor metus. Phasellus hendrerit porttitor quam, vel posuere libero vehicula eu. Donec egestas ante ut dolor laoreet, eu euismod mi venenatis. In elementum velit lobortis lectus euismod, sed mattis ipsum pharetra. Quisque imperdiet hendrerit mi ac semper. Vestibulum elementum quis ipsum ac semper. Morbi ac nisl vitae turpis vestibulum convallis vel id ipsum. Vestibulum ante ipsum primis in faucibus orci luctus et ultrices posuere cubilia curae; Donec vitae dui velit.
      </p>
    </section>
  </section>
</div>
`;
