// Jest Snapshot v1, https://goo.gl/fbAQLP

exports[`YSOShmupRecordsPage should show as expected 1`] = `
<main
  class="flex min-h-screen flex-col px-8 py-24 gap-4 sm:px-24"
>
  <h1
    class="text-bold text-4xl sm:text-5xl md:text-6xl"
  >
    YSOShmupRecords
  </h1>
  <h2
    class="text-bold mt-4 text-2xl sm:text-3xl md:text-4xl"
  >
    방문하기
  </h2>
  <div
    class="flex flex-row flex-wrap gap-1"
  >
    [
    <a
      class="text-blue-500 hover:text-purple-500 undefined"
      href="https://github.com/kuman514/YSOShmupRecords"
      target="_blank"
    >
      깃허브 저장소
    </a>
    ] [
    <a
      class="text-blue-500 hover:text-purple-500 undefined"
      href="https://yso-shmup-records.vercel.app/"
      target="_blank"
    >
      사이트
    </a>
    ]
  </div>
  <h2
    class="text-bold mt-4 text-2xl sm:text-3xl md:text-4xl"
  >
    사용한 기술 스택
  </h2>
  <div
    class="flex flex-row flex-wrap gap-2"
  >
    <span
      class="font-mono bg-gray-300 text-red-700 text-sm px-1 py-0.5 rounded undefined"
    >
      React
    </span>
    <span
      class="font-mono bg-gray-300 text-red-700 text-sm px-1 py-0.5 rounded undefined"
    >
      TypeScript
    </span>
    <span
      class="font-mono bg-gray-300 text-red-700 text-sm px-1 py-0.5 rounded undefined"
    >
      Vite
    </span>
    <span
      class="font-mono bg-gray-300 text-red-700 text-sm px-1 py-0.5 rounded undefined"
    >
      Yarn Berry
    </span>
    <span
      class="font-mono bg-gray-300 text-red-700 text-sm px-1 py-0.5 rounded undefined"
    >
      Vercel
    </span>
    <span
      class="font-mono bg-gray-300 text-red-700 text-sm px-1 py-0.5 rounded undefined"
    >
      Axios
    </span>
    <span
      class="font-mono bg-gray-300 text-red-700 text-sm px-1 py-0.5 rounded undefined"
    >
      Prettier
    </span>
    <span
      class="font-mono bg-gray-300 text-red-700 text-sm px-1 py-0.5 rounded undefined"
    >
      Figma
    </span>
    <span
      class="font-mono bg-gray-300 text-red-700 text-sm px-1 py-0.5 rounded undefined"
    >
      Lambda
    </span>
    <span
      class="font-mono bg-gray-300 text-red-700 text-sm px-1 py-0.5 rounded undefined"
    >
      DynamoDB
    </span>
    <span
      class="font-mono bg-gray-300 text-red-700 text-sm px-1 py-0.5 rounded undefined"
    >
      API Gateway
    </span>
    <span
      class="font-mono bg-gray-300 text-red-700 text-sm px-1 py-0.5 rounded undefined"
    >
      Node.js
    </span>
  </div>
  <h2
    class="text-bold mt-4 text-2xl sm:text-3xl md:text-4xl"
  >
    개요
  </h2>
  <ul
    class="list-disc pl-8"
  >
    <li>
      개인 프로젝트
    </li>
    <li>
      구현 내용
      <ul
        class="list-disc pl-8"
      >
        <li>
          프로젝트 세팅, 태스크 브레이크다운, 디자인, 퍼블리싱, 기능 구현, 테스트, 배포, 문서 및 업데이트 로그 작성, 유지보수를 담당함.
        </li>
        <li>
          react-router-dom과 Vercel Rewrite를 사용하여 각 페이지 라우팅.
        </li>
        <li>
          기록 열람, 외부로 공유, 다크 모드 등등 각종 기능 구현.
        </li>
        <li>
          Vite + Yarn Berry로 프로젝트를 세팅하여 Create React App 대비 로딩 시간 30초 → 5초로 감소, 설치 속도가 5배 빨라짐.
        </li>
        <li>
          데이터를 가져오는 동안 UI가 멈춰있어 보이지 않기 위해 스켈레톤 컴포넌트 적용.
        </li>
        <li>
          Lambda + DynamoDB + API Gateway + Node.js를 이용하여 기록 등의 데이터를 제공하고 관리하는 서버리스 백엔드 및 백오피스 구축.
        </li>
      </ul>
    </li>
  </ul>
  <h2
    class="text-bold mt-4 text-2xl sm:text-3xl md:text-4xl"
  >
    스켈레톤 컴포넌트 적용
  </h2>
  <div
    class="flex justify-center items-center"
  >
    <img
      alt="YSOShmupRecords의 기록 아티클 스켈레톤 컴포넌트"
      data-nimg="1"
      decoding="async"
      height="40"
      loading="lazy"
      src="/_next/image?url=%2Fimg.jpg&w=96&q=75"
      srcset="/_next/image?url=%2Fimg.jpg&w=48&q=75 1x, /_next/image?url=%2Fimg.jpg&w=96&q=75 2x"
      style="color: transparent;"
      width="40"
    />
  </div>
  <p
    class="text-base font-normal indent-4 mb-4 mb-0"
  >
    스켈레톤 컴포넌트는 데이터를 가져오는 동안 콘텐츠를 표시하는 컴포넌트입니다. 사용자는 콘텐츠를 기다리다가 쉽게 지치고 지루함을 느끼므로, 데이터를 가져오는 동안 단순히 빈 화면만 보여준다면 많은 사람들은 사이트를 떠나게 될 것입니다. 그래서 이를 방지하기 위해, 애니메이션 효과가 들어간 스켈레톤 컴포넌트를 직접 만들어, 기록 목록이나 기록 아티클 로딩 등에 적용하였습니다.
  </p>
  <h2
    class="text-bold mt-4 text-2xl sm:text-3xl md:text-4xl"
  >
    서버리스 백엔드 구축 및 연동
  </h2>
  <p
    class="text-base font-normal indent-4 mb-4 mb-0"
  >
    기록 등의 데이터를 더욱 쉽게 관리하기 위해, Lambda + DynamoDB + API Gateway를 이용하여 서버리스 백엔드와 백오피스를 구축하여 연동하였습니다. 기록 목록과 기록 아티클 등의 열람은 누구나 할 수 있지만 추가/편집/삭제는 관리자 로그인이 필요하도록 만들었습니다.
  </p>
</main>
`;
